// Jest Snapshot v1, https://goo.gl/fbAQLP

exports[`services/codeWriter should create file with adapter 1`] = `
"import { createAdapter } from '@kottster/backend';

const adapters = [
  createAdapter(
    'postgresql', 
    {
      connectionOptions: {
        connection: {
          host: 'localhost',
          port: 5432,
          user: 'root',
          password: 'password123',
          database: 'postgres'
        },
        searchPath: [
          'public'
        ]
      }
    }
  )
];

export default adapters;

"
`;

exports[`services/codeWriter should create file with procedures 1`] = `
"// This file was generated by the Kottster App Builder
// PLEASE AVOID EDITING THIS FILE MANUALLY

import { app } from '../../../app';

const STAGE = 'dev';
const PAGE_ID = 'p1';
const COMPONENT_TYPE = 'metric';
const COMPONENT_ID = 'm1';

app.registerProceduresForComponent(STAGE, PAGE_ID, COMPONENT_TYPE, COMPONENT_ID, {
  'getUserCount': async function () {return { userCount: 123 };},
});

"
`;

exports[`services/codeWriter should generate autoimports 1`] = `
"// This file was generated by the Kottster App Builder
// PLEASE AVOID EDITING THIS FILE MANUALLY

import './dev/procedures/page_p1_metric_m1.js';
"
`;
